<?xml version="1.0" encoding="utf-8"?><testsuites><testsuite name="pytest" errors="0" failures="0" skipped="0" tests="12" time="0.049" timestamp="2024-11-04T23:31:22.880839-05:00" hostname="Danymat"><testcase classname="tests.test_calculate_total_cost" name="test_calculate_total_cost_basic_plan" time="0.002" /><testcase classname="tests.test_calculate_total_cost" name="test_calculate_total_cost_premium_with_features" time="0.001" /><testcase classname="tests.test_calculate_total_cost" name="test_group_discount_applied" time="0.001" /><testcase classname="tests.test_calculate_total_cost" name="test_special_offer_discount_over_400" time="0.000" /><testcase classname="tests.test_calculate_total_cost" name="test_special_offer_discount_over_200" time="0.000" /><testcase classname="tests.test_display_methods" name="test_display_membership_plans" time="0.000" /><testcase classname="tests.test_display_methods" name="test_display_additional_features" time="0.000" /><testcase classname="tests.test_membership_validation" name="test_invalid_plan" time="0.000" /><testcase classname="tests.test_membership_validation" name="test_invalid_feature_selection" time="0.000" /><testcase classname="tests.test_special_offer_discount_over_400" name="test_special_offer_discount_over_400" time="0.001" /><testcase classname="tests.test_user_interaction" name="test_confirm_membership_no_confirmation" time="0.001" /><testcase classname="tests.test_user_interaction" name="test_confirm_membership_yes_confirmation" time="0.001" /></testsuite></testsuites>